Traceback (most recent call last):
  File "./typthonCompiler.py", line 71, in <module>
    typechecker.typecheck(root)
  File "C:\Users\liams\project\sprint4\typthonTypeChecker.py", line 11, in typecheck
    return getattr(self, method)(node, st)
  File "C:\Users\liams\project\sprint4\typthonTypeChecker.py", line 55, in check_File
    child_st = self.typecheck(child, global_st)
  File "C:\Users\liams\project\sprint4\typthonTypeChecker.py", line 11, in typecheck
    return getattr(self, method)(node, st)
  File "C:\Users\liams\project\sprint4\typthonTypeChecker.py", line 176, in check_StmtList
    ifStmtType = self.typecheck(stmt, st)
  File "C:\Users\liams\project\sprint4\typthonTypeChecker.py", line 11, in typecheck
    return getattr(self, method)(node, st)
  File "C:\Users\liams\project\sprint4\typthonTypeChecker.py", line 388, in check_IfStmt
    trueBodyType = self.typecheck(node.true_body, st)
  File "C:\Users\liams\project\sprint4\typthonTypeChecker.py", line 11, in typecheck
    return getattr(self, method)(node, st)
  File "C:\Users\liams\project\sprint4\typthonTypeChecker.py", line 174, in check_StmtList
    retType = self.typecheck(stmt, st)
  File "C:\Users\liams\project\sprint4\typthonTypeChecker.py", line 11, in typecheck
    return getattr(self, method)(node, st)
  File "C:\Users\liams\project\sprint4\typthonTypeChecker.py", line 344, in check_RetStmt
    raise ParseError(
typthonSymbolTable.ParseError: ('Attempted to return from outside function definition', 7)
